convex/emails.ts(98,9): error TS2322: Type '(string | undefined)[]' is not assignable to type 'string | string[]'.
  Type '(string | undefined)[]' is not assignable to type 'string[]'.
    Type 'string | undefined' is not assignable to type 'string'.
      Type 'undefined' is not assignable to type 'string'.
